---
source: crates/executors/tests/droid_snapshots.rs
expression: snapshot
---
final_state:
  tool_map: {}
  model_reported: true
events:
  - AddEntry:
      timestamp: ~
      entry_type:
        type: system_message
      content: "model: gpt-5-codex"
      metadata: ~
  - AddEntry:
      timestamp: ~
      entry_type:
        type: user_message
      content: "explore this repo, introduce a new sorting algorithm, then run the python file (uv) to ensure it works"
      metadata: ~
  - AddToolCall:
      tool_call_id: call_YZWkjOVv9gniEraeXSJmzg3L
      entry:
        timestamp: "1760807314908"
        entry_type:
          type: tool_use
          tool_name: LS
          action_type:
            action: file_read
            path: "."
          status:
            status: created
        content: "`.`"
        metadata:
          directory_path: "."
          ignorePatterns:
            - ".git/**"
          toolCallId: call_YZWkjOVv9gniEraeXSJmzg3L
  - UpdateToolCall:
      tool_call_id: call_YZWkjOVv9gniEraeXSJmzg3L
      entry:
        timestamp: ~
        entry_type:
          type: tool_use
          tool_name: LS
          action_type:
            action: file_read
            path: "."
          status:
            status: success
        content: "`.`"
        metadata: ~
  - AddToolCall:
      tool_call_id: call_c7wTgfYYKDVB33UOj3W4GAwq
      entry:
        timestamp: "1760807318043"
        entry_type:
          type: tool_use
          tool_name: Glob
          action_type:
            action: search
            query: "README.*, readme.*, docs/**, **/*.md"
          status:
            status: created
        content: "`README.*, readme.*, docs/**, **/*.md`"
        metadata:
          folder: /Users/tempuser/projects/droid-simple
          patterns:
            - README.*
            - readme.*
            - docs/**
            - "**/*.md"
          excludePatterns:
            - ".git/**"
          toolCallId: call_c7wTgfYYKDVB33UOj3W4GAwq
  - UpdateToolCall:
      tool_call_id: call_c7wTgfYYKDVB33UOj3W4GAwq
      entry:
        timestamp: ~
        entry_type:
          type: tool_use
          tool_name: Glob
          action_type:
            action: search
            query: "README.*, readme.*, docs/**, **/*.md"
          status:
            status: success
        content: "`README.*, readme.*, docs/**, **/*.md`"
        metadata: ~
  - AddToolCall:
      tool_call_id: call_BjRaTiMYtqMh1oLJ6fmb3Kru
      entry:
        timestamp: "1760807325770"
        entry_type:
          type: tool_use
          tool_name: TodoWrite
          action_type:
            action: todo_management
            todos:
              - content: Review repository structure and existing sorting_algorithms.py implementation
                status: pending
                priority: high
              - content: Plan addition of a new sorting algorithm consistent with project style
                status: pending
                priority: medium
              - content: Implement the new sorting algorithm in sorting_algorithms.py
                status: pending
                priority: high
              - content: Run sorting_algorithms.py using uv to verify functionality
                status: pending
                priority: high
            operation: update
          status:
            status: created
        content: TODO list updated
        metadata:
          todos:
            - id: explore
              content: Review repository structure and existing sorting_algorithms.py implementation
              status: pending
              priority: high
            - id: plan
              content: Plan addition of a new sorting algorithm consistent with project style
              status: pending
              priority: medium
            - id: implement
              content: Implement the new sorting algorithm in sorting_algorithms.py
              status: pending
              priority: high
            - id: verify
              content: Run sorting_algorithms.py using uv to verify functionality
              status: pending
              priority: high
          toolCallId: call_BjRaTiMYtqMh1oLJ6fmb3Kru
  - UpdateToolCall:
      tool_call_id: call_BjRaTiMYtqMh1oLJ6fmb3Kru
      entry:
        timestamp: ~
        entry_type:
          type: tool_use
          tool_name: TodoWrite
          action_type:
            action: todo_management
            todos:
              - content: Review repository structure and existing sorting_algorithms.py implementation
                status: pending
                priority: high
              - content: Plan addition of a new sorting algorithm consistent with project style
                status: pending
                priority: medium
              - content: Implement the new sorting algorithm in sorting_algorithms.py
                status: pending
                priority: high
              - content: Run sorting_algorithms.py using uv to verify functionality
                status: pending
                priority: high
            operation: update
          status:
            status: success
        content: TODO list updated
        metadata: ~
  - AddToolCall:
      tool_call_id: call_f3M3KqLbcvDvZxgq80ffSjwW
      entry:
        timestamp: "1760807328508"
        entry_type:
          type: tool_use
          tool_name: Read
          action_type:
            action: file_read
            path: /Users/tempuser/projects/droid-simple/sorting_algorithms.py
          status:
            status: created
        content: "`/Users/tempuser/projects/droid-simple/sorting_algorithms.py`"
        metadata:
          file_path: /Users/tempuser/projects/droid-simple/sorting_algorithms.py
          toolCallId: call_f3M3KqLbcvDvZxgq80ffSjwW
  - UpdateToolCall:
      tool_call_id: call_f3M3KqLbcvDvZxgq80ffSjwW
      entry:
        timestamp: ~
        entry_type:
          type: tool_use
          tool_name: Read
          action_type:
            action: file_read
            path: /Users/tempuser/projects/droid-simple/sorting_algorithms.py
          status:
            status: success
        content: "`/Users/tempuser/projects/droid-simple/sorting_algorithms.py`"
        metadata: ~
  - AddToolCall:
      tool_call_id: call_khGMOzjbaIAu18VvS6oeFXH0
      entry:
        timestamp: "1760807361850"
        entry_type:
          type: tool_use
          tool_name: TodoWrite
          action_type:
            action: todo_management
            todos:
              - content: Review repository structure and existing sorting_algorithms.py implementation
                status: completed
                priority: high
              - content: Plan addition of a new sorting algorithm consistent with project style
                status: in_progress
                priority: medium
              - content: Implement the new sorting algorithm in sorting_algorithms.py
                status: pending
                priority: high
              - content: Run sorting_algorithms.py using uv to verify functionality
                status: pending
                priority: high
            operation: update
          status:
            status: created
        content: TODO list updated
        metadata:
          todos:
            - id: explore
              content: Review repository structure and existing sorting_algorithms.py implementation
              status: completed
              priority: high
            - id: plan
              content: Plan addition of a new sorting algorithm consistent with project style
              status: in_progress
              priority: medium
            - id: implement
              content: Implement the new sorting algorithm in sorting_algorithms.py
              status: pending
              priority: high
            - id: verify
              content: Run sorting_algorithms.py using uv to verify functionality
              status: pending
              priority: high
          toolCallId: call_khGMOzjbaIAu18VvS6oeFXH0
  - UpdateToolCall:
      tool_call_id: call_khGMOzjbaIAu18VvS6oeFXH0
      entry:
        timestamp: ~
        entry_type:
          type: tool_use
          tool_name: TodoWrite
          action_type:
            action: todo_management
            todos:
              - content: Review repository structure and existing sorting_algorithms.py implementation
                status: completed
                priority: high
              - content: Plan addition of a new sorting algorithm consistent with project style
                status: in_progress
                priority: medium
              - content: Implement the new sorting algorithm in sorting_algorithms.py
                status: pending
                priority: high
              - content: Run sorting_algorithms.py using uv to verify functionality
                status: pending
                priority: high
            operation: update
          status:
            status: success
        content: TODO list updated
        metadata: ~
  - AddToolCall:
      tool_call_id: call_2nuR4feoOVDgh5cM50PgOLaj
      entry:
        timestamp: "1760807367921"
        entry_type:
          type: tool_use
          tool_name: TodoWrite
          action_type:
            action: todo_management
            todos:
              - content: Review repository structure and existing sorting_algorithms.py implementation
                status: completed
                priority: high
              - content: Plan addition of a new sorting algorithm consistent with project style
                status: completed
                priority: medium
              - content: "Add a new function (e.g., insertion_sort) with docstring and consistent copy semantics; update __main__ block to demonstrate it"
                status: pending
                priority: medium
              - content: Implement the new sorting algorithm in sorting_algorithms.py
                status: pending
                priority: high
              - content: Run sorting_algorithms.py using uv to verify functionality
                status: pending
                priority: high
            operation: update
          status:
            status: created
        content: TODO list updated
        metadata:
          todos:
            - id: explore
              content: Review repository structure and existing sorting_algorithms.py implementation
              status: completed
              priority: high
            - id: plan
              content: Plan addition of a new sorting algorithm consistent with project style
              status: completed
              priority: medium
            - id: plan-note
              content: "Add a new function (e.g., insertion_sort) with docstring and consistent copy semantics; update __main__ block to demonstrate it"
              status: pending
              priority: medium
            - id: implement
              content: Implement the new sorting algorithm in sorting_algorithms.py
              status: pending
              priority: high
            - id: verify
              content: Run sorting_algorithms.py using uv to verify functionality
              status: pending
              priority: high
          toolCallId: call_2nuR4feoOVDgh5cM50PgOLaj
  - UpdateToolCall:
      tool_call_id: call_2nuR4feoOVDgh5cM50PgOLaj
      entry:
        timestamp: ~
        entry_type:
          type: tool_use
          tool_name: TodoWrite
          action_type:
            action: todo_management
            todos:
              - content: Review repository structure and existing sorting_algorithms.py implementation
                status: completed
                priority: high
              - content: Plan addition of a new sorting algorithm consistent with project style
                status: completed
                priority: medium
              - content: "Add a new function (e.g., insertion_sort) with docstring and consistent copy semantics; update __main__ block to demonstrate it"
                status: pending
                priority: medium
              - content: Implement the new sorting algorithm in sorting_algorithms.py
                status: pending
                priority: high
              - content: Run sorting_algorithms.py using uv to verify functionality
                status: pending
                priority: high
            operation: update
          status:
            status: success
        content: TODO list updated
        metadata: ~
  - AddToolCall:
      tool_call_id: call_E9pK2BvHjg5dfnJx4C5V593C
      entry:
        timestamp: "1760807378503"
        entry_type:
          type: tool_use
          tool_name: TodoWrite
          action_type:
            action: todo_management
            todos:
              - content: Review repository structure and existing sorting_algorithms.py implementation
                status: completed
                priority: high
              - content: Plan addition of a new sorting algorithm consistent with project style
                status: completed
                priority: medium
              - content: "Implement insertion_sort mirroring style (copy input, docstring with complexities) and update __main__ to showcase both bubble_sort and insertion_sort with existing test arrays"
                status: completed
                priority: medium
              - content: Implement the new sorting algorithm in sorting_algorithms.py
                status: pending
                priority: high
              - content: Run sorting_algorithms.py using uv to verify functionality
                status: pending
                priority: high
            operation: update
          status:
            status: created
        content: TODO list updated
        metadata:
          todos:
            - id: explore
              content: Review repository structure and existing sorting_algorithms.py implementation
              status: completed
              priority: high
            - id: plan
              content: Plan addition of a new sorting algorithm consistent with project style
              status: completed
              priority: medium
            - id: plan-note
              content: "Implement insertion_sort mirroring style (copy input, docstring with complexities) and update __main__ to showcase both bubble_sort and insertion_sort with existing test arrays"
              status: completed
              priority: medium
            - id: implement
              content: Implement the new sorting algorithm in sorting_algorithms.py
              status: pending
              priority: high
            - id: verify
              content: Run sorting_algorithms.py using uv to verify functionality
              status: pending
              priority: high
          toolCallId: call_E9pK2BvHjg5dfnJx4C5V593C
  - UpdateToolCall:
      tool_call_id: call_E9pK2BvHjg5dfnJx4C5V593C
      entry:
        timestamp: ~
        entry_type:
          type: tool_use
          tool_name: TodoWrite
          action_type:
            action: todo_management
            todos:
              - content: Review repository structure and existing sorting_algorithms.py implementation
                status: completed
                priority: high
              - content: Plan addition of a new sorting algorithm consistent with project style
                status: completed
                priority: medium
              - content: "Implement insertion_sort mirroring style (copy input, docstring with complexities) and update __main__ to showcase both bubble_sort and insertion_sort with existing test arrays"
                status: completed
                priority: medium
              - content: Implement the new sorting algorithm in sorting_algorithms.py
                status: pending
                priority: high
              - content: Run sorting_algorithms.py using uv to verify functionality
                status: pending
                priority: high
            operation: update
          status:
            status: success
        content: TODO list updated
        metadata: ~
  - AddToolCall:
      tool_call_id: call_JaB5CJwLDbOzNzRBjodwmwe5
      entry:
        timestamp: "1760807382588"
        entry_type:
          type: tool_use
          tool_name: TodoWrite
          action_type:
            action: todo_management
            todos:
              - content: Review repository structure and existing sorting_algorithms.py implementation
                status: completed
                priority: high
              - content: Plan addition of a new sorting algorithm consistent with project style
                status: completed
                priority: medium
              - content: "Implement insertion_sort mirroring style (copy input, docstring with complexities) and update __main__ to showcase both bubble_sort and insertion_sort with existing test arrays"
                status: completed
                priority: medium
              - content: Implement the new sorting algorithm in sorting_algorithms.py
                status: in_progress
                priority: high
              - content: Run sorting_algorithms.py using uv to verify functionality
                status: pending
                priority: high
            operation: update
          status:
            status: created
        content: TODO list updated
        metadata:
          todos:
            - id: explore
              content: Review repository structure and existing sorting_algorithms.py implementation
              status: completed
              priority: high
            - id: plan
              content: Plan addition of a new sorting algorithm consistent with project style
              status: completed
              priority: medium
            - id: plan-note
              content: "Implement insertion_sort mirroring style (copy input, docstring with complexities) and update __main__ to showcase both bubble_sort and insertion_sort with existing test arrays"
              status: completed
              priority: medium
            - id: implement
              content: Implement the new sorting algorithm in sorting_algorithms.py
              status: in_progress
              priority: high
            - id: verify
              content: Run sorting_algorithms.py using uv to verify functionality
              status: pending
              priority: high
          toolCallId: call_JaB5CJwLDbOzNzRBjodwmwe5
  - UpdateToolCall:
      tool_call_id: call_JaB5CJwLDbOzNzRBjodwmwe5
      entry:
        timestamp: ~
        entry_type:
          type: tool_use
          tool_name: TodoWrite
          action_type:
            action: todo_management
            todos:
              - content: Review repository structure and existing sorting_algorithms.py implementation
                status: completed
                priority: high
              - content: Plan addition of a new sorting algorithm consistent with project style
                status: completed
                priority: medium
              - content: "Implement insertion_sort mirroring style (copy input, docstring with complexities) and update __main__ to showcase both bubble_sort and insertion_sort with existing test arrays"
                status: completed
                priority: medium
              - content: Implement the new sorting algorithm in sorting_algorithms.py
                status: in_progress
                priority: high
              - content: Run sorting_algorithms.py using uv to verify functionality
                status: pending
                priority: high
            operation: update
          status:
            status: success
        content: TODO list updated
        metadata: ~
  - AddToolCall:
      tool_call_id: call_1d1F1tKLBf6fCVQ94awd5tQ6
      entry:
        timestamp: "1760807393463"
        entry_type:
          type: tool_use
          tool_name: ApplyPatch
          action_type:
            action: file_edit
            path: /Users/tempuser/projects/droid-simple/sorting_algorithms.py
            changes: []
          status:
            status: created
        content: "`/Users/tempuser/projects/droid-simple/sorting_algorithms.py`"
        metadata:
          input: "*** Begin Patch\n*** Update File: /Users/tempuser/projects/droid-simple/sorting_algorithms.py\n@@\n def bubble_sort(arr):\n     \"\"\"\n     Bubble Sort Algorithm\n     Time Complexity: O(n^2)\n     Space Complexity: O(1)\n@@\n     return arr\n \n \n+def insertion_sort(arr):\n+    \"\"\"\n+    Insertion Sort Algorithm\n+    Time Complexity: O(n^2)\n+    Space Complexity: O(1)\n+\n+    Builds the sorted portion of the array one element at a time by inserting\n+    each element into its correct position.\n+    \"\"\"\n+    arr = arr.copy()  # Create a copy to avoid modifying the original\n+\n+    for i in range(1, len(arr)):\n+        key = arr[i]\n+        j = i - 1\n+\n+        while j >= 0 and arr[j] > key:\n+            arr[j + 1] = arr[j]\n+            j -= 1\n+\n+        arr[j + 1] = key\n+\n+    return arr\n+\n+\n if __name__ == \"__main__\":\n     # Example usage\n     test_array = [64, 34, 25, 12, 22, 11, 90]\n \n     print(\"Original array:\", test_array)\n-    print(\"\\nBubble Sort result:\", bubble_sort(test_array))\n+    print(\"\\nBubble Sort result:\", bubble_sort(test_array))\n+    print(\"Insertion Sort result:\", insertion_sort(test_array))\n \n     # Test with different arrays\n     print(\"\\n--- Additional Tests ---\")\n-    print(\"Reverse sorted:\", bubble_sort([5, 4, 3, 2, 1]))\n-    print(\"Empty array:\", bubble_sort([]))\n+    test_cases = {\n+        \"Reverse sorted\": [5, 4, 3, 2, 1],\n+        \"Empty array\": [],\n+        \"Already sorted\": [1, 2, 3, 4, 5],\n+    }\n+\n+    for description, case in test_cases.items():\n+        print(f\"{description} (Bubble):\", bubble_sort(case))\n+        print(f\"{description} (Insertion):\", insertion_sort(case))\n*** End Patch"
          toolCallId: call_1d1F1tKLBf6fCVQ94awd5tQ6
  - UpdateToolCall:
      tool_call_id: call_1d1F1tKLBf6fCVQ94awd5tQ6
      entry:
        timestamp: ~
        entry_type:
          type: tool_use
          tool_name: ApplyPatch
          action_type:
            action: file_edit
            path: /Users/tempuser/projects/droid-simple/sorting_algorithms.py
            changes:
              - action: edit
                unified_diff: "--- previous\t\n+++ current\t\n@@ -26,14 +26,46 @@\n     return arr\n \n \n+def insertion_sort(arr):\n+    \"\"\"\n+    Insertion Sort Algorithm\n+    Time Complexity: O(n^2)\n+    Space Complexity: O(1)\n+\n+    Builds the sorted portion of the array one element at a time by inserting\n+    each element into its correct position.\n+    \"\"\"\n+    arr = arr.copy()  # Create a copy to avoid modifying the original\n+\n+    for i in range(1, len(arr)):\n+        key = arr[i]\n+        j = i - 1\n+\n+        while j >= 0 and arr[j] > key:\n+            arr[j + 1] = arr[j]\n+            j -= 1\n+\n+        arr[j + 1] = key\n+\n+    return arr\n+\n+\n if __name__ == \"__main__\":\n     # Example usage\n     test_array = [64, 34, 25, 12, 22, 11, 90]\n \n     print(\"Original array:\", test_array)\n     print(\"\\nBubble Sort result:\", bubble_sort(test_array))\n+    print(\"Insertion Sort result:\", insertion_sort(test_array))\n \n     # Test with different arrays\n     print(\"\\n--- Additional Tests ---\")\n-    print(\"Reverse sorted:\", bubble_sort([5, 4, 3, 2, 1]))\n-    print(\"Empty array:\", bubble_sort([]))\n+    test_cases = {\n+        \"Reverse sorted\": [5, 4, 3, 2, 1],\n+        \"Empty array\": [],\n+        \"Already sorted\": [1, 2, 3, 4, 5],\n+    }\n+\n+    for description, case in test_cases.items():\n+        print(f\"{description} (Bubble):\", bubble_sort(case))\n+        print(f\"{description} (Insertion):\", insertion_sort(case))"
                has_line_numbers: true
          status:
            status: success
        content: "`/Users/tempuser/projects/droid-simple/sorting_algorithms.py`"
        metadata: ~
  - AddToolCall:
      tool_call_id: call_pEKwIZKJvWTZiEWeEcNCCbA5
      entry:
        timestamp: "1760807396913"
        entry_type:
          type: tool_use
          tool_name: TodoWrite
          action_type:
            action: todo_management
            todos:
              - content: Review repository structure and existing sorting_algorithms.py implementation
                status: completed
                priority: high
              - content: Plan addition of a new sorting algorithm consistent with project style
                status: completed
                priority: medium
              - content: "Implement insertion_sort mirroring style (copy input, docstring with complexities) and update __main__ to showcase both bubble_sort and insertion_sort with existing test arrays"
                status: completed
                priority: medium
              - content: Implement the new sorting algorithm in sorting_algorithms.py
                status: completed
                priority: high
              - content: Run sorting_algorithms.py using uv to verify functionality
                status: pending
                priority: high
            operation: update
          status:
            status: created
        content: TODO list updated
        metadata:
          todos:
            - id: explore
              content: Review repository structure and existing sorting_algorithms.py implementation
              status: completed
              priority: high
            - id: plan
              content: Plan addition of a new sorting algorithm consistent with project style
              status: completed
              priority: medium
            - id: plan-note
              content: "Implement insertion_sort mirroring style (copy input, docstring with complexities) and update __main__ to showcase both bubble_sort and insertion_sort with existing test arrays"
              status: completed
              priority: medium
            - id: implement
              content: Implement the new sorting algorithm in sorting_algorithms.py
              status: completed
              priority: high
            - id: verify
              content: Run sorting_algorithms.py using uv to verify functionality
              status: pending
              priority: high
          toolCallId: call_pEKwIZKJvWTZiEWeEcNCCbA5
  - UpdateToolCall:
      tool_call_id: call_pEKwIZKJvWTZiEWeEcNCCbA5
      entry:
        timestamp: ~
        entry_type:
          type: tool_use
          tool_name: TodoWrite
          action_type:
            action: todo_management
            todos:
              - content: Review repository structure and existing sorting_algorithms.py implementation
                status: completed
                priority: high
              - content: Plan addition of a new sorting algorithm consistent with project style
                status: completed
                priority: medium
              - content: "Implement insertion_sort mirroring style (copy input, docstring with complexities) and update __main__ to showcase both bubble_sort and insertion_sort with existing test arrays"
                status: completed
                priority: medium
              - content: Implement the new sorting algorithm in sorting_algorithms.py
                status: completed
                priority: high
              - content: Run sorting_algorithms.py using uv to verify functionality
                status: pending
                priority: high
            operation: update
          status:
            status: success
        content: TODO list updated
        metadata: ~
  - AddToolCall:
      tool_call_id: call_u25kXneyPZpOHkrsbEgBp0ei
      entry:
        timestamp: "1760807399354"
        entry_type:
          type: tool_use
          tool_name: Execute
          action_type:
            action: command_run
            command: cd /Users/tempuser/projects/droid-simple && uv run python sorting_algorithms.py
            result: ~
          status:
            status: created
        content: "`cd /Users/tempuser/projects/droid-simple && uv run python sorting_algorithms.py`"
        metadata:
          command: cd /Users/tempuser/projects/droid-simple && uv run python sorting_algorithms.py
          timeout: 120
          riskLevel:
            value: medium
            reason: Running the script modifies no files but evaluates updated code requiring environment execution.
          toolCallId: call_u25kXneyPZpOHkrsbEgBp0ei
  - UpdateToolCall:
      tool_call_id: call_u25kXneyPZpOHkrsbEgBp0ei
      entry:
        timestamp: ~
        entry_type:
          type: tool_use
          tool_name: Execute
          action_type:
            action: command_run
            command: cd /Users/tempuser/projects/droid-simple && uv run python sorting_algorithms.py
            result:
              exit_status:
                type: exit_code
                code: 0
              output: "Original array: [64, 34, 25, 12, 22, 11, 90]\n\nBubble Sort result: [11, 12, 22, 25, 34, 64, 90]\nInsertion Sort result: [11, 12, 22, 25, 34, 64, 90]\n\n--- Additional Tests ---\nReverse sorted (Bubble): [1, 2, 3, 4, 5]\nReverse sorted (Insertion): [1, 2, 3, 4, 5]\nEmpty array (Bubble): []\nEmpty array (Insertion): []\nAlready sorted (Bubble): [1, 2, 3, 4, 5]\nAlready sorted (Insertion): [1, 2, 3, 4, 5]\n\n\n[Process exited with code 0]"
          status:
            status: success
        content: "`cd /Users/tempuser/projects/droid-simple && uv run python sorting_algorithms.py`"
        metadata: ~
  - AddToolCall:
      tool_call_id: call_fwdAmDmno5bLRBqKGapfeF9f
      entry:
        timestamp: "1760807402722"
        entry_type:
          type: tool_use
          tool_name: TodoWrite
          action_type:
            action: todo_management
            todos:
              - content: Review repository structure and existing sorting_algorithms.py implementation
                status: completed
                priority: high
              - content: Plan addition of a new sorting algorithm consistent with project style
                status: completed
                priority: medium
              - content: "Implement insertion_sort mirroring style (copy input, docstring with complexities) and update __main__ to showcase both bubble_sort and insertion_sort with existing test arrays"
                status: completed
                priority: medium
              - content: Implement the new sorting algorithm in sorting_algorithms.py
                status: completed
                priority: high
              - content: Run sorting_algorithms.py using uv to verify functionality
                status: completed
                priority: high
            operation: update
          status:
            status: created
        content: TODO list updated
        metadata:
          todos:
            - id: explore
              content: Review repository structure and existing sorting_algorithms.py implementation
              status: completed
              priority: high
            - id: plan
              content: Plan addition of a new sorting algorithm consistent with project style
              status: completed
              priority: medium
            - id: plan-note
              content: "Implement insertion_sort mirroring style (copy input, docstring with complexities) and update __main__ to showcase both bubble_sort and insertion_sort with existing test arrays"
              status: completed
              priority: medium
            - id: implement
              content: Implement the new sorting algorithm in sorting_algorithms.py
              status: completed
              priority: high
            - id: verify
              content: Run sorting_algorithms.py using uv to verify functionality
              status: completed
              priority: high
          toolCallId: call_fwdAmDmno5bLRBqKGapfeF9f
  - UpdateToolCall:
      tool_call_id: call_fwdAmDmno5bLRBqKGapfeF9f
      entry:
        timestamp: ~
        entry_type:
          type: tool_use
          tool_name: TodoWrite
          action_type:
            action: todo_management
            todos:
              - content: Review repository structure and existing sorting_algorithms.py implementation
                status: completed
                priority: high
              - content: Plan addition of a new sorting algorithm consistent with project style
                status: completed
                priority: medium
              - content: "Implement insertion_sort mirroring style (copy input, docstring with complexities) and update __main__ to showcase both bubble_sort and insertion_sort with existing test arrays"
                status: completed
                priority: medium
              - content: Implement the new sorting algorithm in sorting_algorithms.py
                status: completed
                priority: high
              - content: Run sorting_algorithms.py using uv to verify functionality
                status: completed
                priority: high
            operation: update
          status:
            status: success
        content: TODO list updated
        metadata: ~
  - AddEntry:
      timestamp: ~
      entry_type:
        type: assistant_message
      content: "# Summary\n\n- Added an `insertion_sort` implementation to `sorting_algorithms.py`, matching existing documentation and copy semantics.\n- Enhanced the script’s main section to display results from both sorting methods across multiple test cases.\n- Verified the updated script by running `uv run python sorting_algorithms.py`, confirming successful execution."
      metadata: ~
event_count: 27
